[    0.000000] Linux version 4.15.0-212-generic (buildd@lcy02-amd64-083) (gcc version 7.5.0 (Ubuntu 7.5.0-3ubuntu1~18.04)) #223-Ubuntu SMP Tue May 23 13:09:22 UTC 2023 (Ubuntu 4.15.0-212.223-generic 4.15.18)
[    0.000000] Command line: BOOT_IMAGE=/boot/vmlinuz-4.15.0-212-generic root=LABEL=cloudimg-rootfs ro console=tty1 console=ttyS0
[    0.000000] KERNEL supported cpus:
[    0.000000]   Intel GenuineIntel
[    0.000000]   AMD AuthenticAMD
[    0.000000]   Centaur CentaurHauls
[    0.000000] x86/fpu: Supporting XSAVE feature 0x001: 'x87 floating point registers'
[    0.000000] x86/fpu: Supporting XSAVE feature 0x002: 'SSE registers'
[    0.000000] x86/fpu: Supporting XSAVE feature 0x004: 'AVX registers'
[    0.000000] x86/fpu: xstate_offset[2]:  576, xstate_sizes[2]:  256
[    0.000000] x86/fpu: Enabled xstate features 0x7, context size is 832 bytes, using 'standard' format.
[    0.000000] e820: BIOS-provided physical RAM map:
[    0.000000] BIOS-e820: [mem 0x0000000000000000-0x000000000009fbff] usable
[    0.000000] BIOS-e820: [mem 0x000000000009fc00-0x000000000009ffff] reserved
[    0.000000] BIOS-e820: [mem 0x00000000000f0000-0x00000000000fffff] reserved
[    0.000000] BIOS-e820: [mem 0x0000000000100000-0x000000001ffeffff] usable
[    0.000000] BIOS-e820: [mem 0x000000001fff0000-0x000000001fffffff] ACPI data
[    0.000000] BIOS-e820: [mem 0x00000000fec00000-0x00000000fec00fff] reserved
[    0.000000] BIOS-e820: [mem 0x00000000fee00000-0x00000000fee00fff] reserved
[    0.000000] BIOS-e820: [mem 0x00000000fffc0000-0x00000000ffffffff] reserved
[    0.000000] NX (Execute Disable) protection: active
[    0.000000] SMBIOS 2.5 present.
[    0.000000] DMI: innotek GmbH VirtualBox/VirtualBox, BIOS VirtualBox 12/01/2006
[    0.000000] Hypervisor detected: KVM
[    0.000000] e820: last_pfn = 0x1fff0 max_arch_pfn = 0x400000000
[    0.000000] MTRR: Disabled
[    0.000000] x86/PAT: MTRRs disabled, skipping PAT initialization too.
[    0.000000] CPU MTRRs all blank - virtualized system.
[    0.000000] x86/PAT: Configuration [0-7]: WB  WT  UC- UC  WB  WT  UC- UC  
[    0.000000] found SMP MP-table at [mem 0x0009fff0-0x0009ffff]
[    0.000000] Scanning 1 areas for low memory corruption
[    0.000000] RAMDISK: [mem 0x1db01000-0x1ee12fff]
[    0.000000] ACPI: Early table checksum verification disabled
[    0.000000] ACPI: RSDP 0x00000000000E0000 000024 (v02 VBOX  )
[    0.000000] ACPI: XSDT 0x000000001FFF0030 00003C (v01 VBOX   VBOXXSDT 00000001 ASL  00000061)
[    0.000000] ACPI: FACP 0x000000001FFF00F0 0000F4 (v04 VBOX   VBOXFACP 00000001 ASL  00000061)
[    0.000000] ACPI: DSDT 0x000000001FFF0470 002325 (v02 VBOX   VBOXBIOS 00000002 INTL 20100528)
[    0.000000] ACPI: FACS 0x000000001FFF0200 000040
[    0.000000] ACPI: FACS 0x000000001FFF0200 000040
[    0.000000] ACPI: APIC 0x000000001FFF0240 000054 (v02 VBOX   VBOXAPIC 00000001 ASL  00000061)
[    0.000000] ACPI: SSDT 0x000000001FFF02A0 0001CC (v01 VBOX   VBOXCPUT 00000002 INTL 20100528)
[    0.000000] ACPI: Reserving FACP table memory at [mem 0x1fff00f0-0x1fff01e3]
[    0.000000] ACPI: Reserving DSDT table memory at [mem 0x1fff0470-0x1fff2794]
[    0.000000] ACPI: Reserving FACS table memory at [mem 0x1fff0200-0x1fff023f]
[    0.000000] ACPI: Reserving FACS table memory at [mem 0x1fff0200-0x1fff023f]
[    0.000000] ACPI: Reserving APIC table memory at [mem 0x1fff0240-0x1fff0293]
[    0.000000] ACPI: Reserving SSDT table memory at [mem 0x1fff02a0-0x1fff046b]
[    0.000000] No NUMA configuration found
[    0.000000] Faking a node at [mem 0x0000000000000000-0x000000001ffeffff]
[    0.000000] NODE_DATA(0) allocated [mem 0x1ffc5000-0x1ffeffff]
[    0.000000] kvm-clock: cpu 0, msr 0:1ff44001, primary cpu clock
[    0.000000] kvm-clock: Using msrs 4b564d01 and 4b564d00
[    0.000000] kvm-clock: using sched offset of 5073211992 cycles
[    0.000000] clocksource: kvm-clock: mask: 0xffffffffffffffff max_cycles: 0x1cd42e4dffb, max_idle_ns: 881590591483 ns
[    0.000000] Zone ranges:
[    0.000000]   DMA      [mem 0x0000000000001000-0x0000000000ffffff]
[    0.000000]   DMA32    [mem 0x0000000001000000-0x000000001ffeffff]
[    0.000000]   Normal   empty
[    0.000000]   Device   empty
[    0.000000] Movable zone start for each node
[    0.000000] Early memory node ranges
[    0.000000]   node   0: [mem 0x0000000000001000-0x000000000009efff]
[    0.000000]   node   0: [mem 0x0000000000100000-0x000000001ffeffff]
[    0.000000] Reserved but unavailable: 104 pages
[    0.000000] Initmem setup node 0 [mem 0x0000000000001000-0x000000001ffeffff]
[    0.000000] ACPI: PM-Timer IO Port: 0x4008
[    0.000000] IOAPIC[0]: apic_id 1, version 32, address 0xfec00000, GSI 0-23
[    0.000000] ACPI: INT_SRC_OVR (bus 0 bus_irq 0 global_irq 2 dfl dfl)
[    0.000000] ACPI: INT_SRC_OVR (bus 0 bus_irq 9 global_irq 9 low level)
[    0.000000] Using ACPI (MADT) for SMP configuration information
[    0.000000] smpboot: Allowing 1 CPUs, 0 hotplug CPUs
[    0.000000] PM: Registered nosave memory: [mem 0x00000000-0x00000fff]
[    0.000000] PM: Registered nosave memory: [mem 0x0009f000-0x0009ffff]
[    0.000000] PM: Registered nosave memory: [mem 0x000a0000-0x000effff]
[    0.000000] PM: Registered nosave memory: [mem 0x000f0000-0x000fffff]
[    0.000000] e820: [mem 0x20000000-0xfebfffff] available for PCI devices
[    0.000000] Booting paravirtualized kernel on KVM
[    0.000000] clocksource: refined-jiffies: mask: 0xffffffff max_cycles: 0xffffffff, max_idle_ns: 7645519600211568 ns
[    0.000000] setup_percpu: NR_CPUS:8192 nr_cpumask_bits:1 nr_cpu_ids:1 nr_node_ids:1
[    0.000000] percpu: Embedded 50 pages/cpu s167936 r8192 d28672 u2097152
[    0.000000] PV qspinlock hash table entries: 256 (order: 0, 4096 bytes)
[    0.000000] Built 1 zonelists, mobility grouping on.  Total pages: 128889
[    0.000000] Policy zone: DMA32
[    0.000000] Kernel command line: BOOT_IMAGE=/boot/vmlinuz-4.15.0-212-generic root=LABEL=cloudimg-rootfs ro console=tty1 console=ttyS0
[    0.000000] Memory: 466748K/523832K available (12300K kernel code, 2477K rwdata, 4324K rodata, 2480K init, 2720K bss, 57084K reserved, 0K cma-reserved)
[    0.000000] SLUB: HWalign=64, Order=0-3, MinObjects=0, CPUs=1, Nodes=1
[    0.000000] ftrace: allocating 39508 entries in 155 pages
[    0.004000] Hierarchical RCU implementation.
[    0.004000] 	RCU restricting CPUs from NR_CPUS=8192 to nr_cpu_ids=1.
[    0.004000] 	Tasks RCU enabled.
[    0.004000] RCU: Adjusting geometry for rcu_fanout_leaf=16, nr_cpu_ids=1
[    0.004000] NR_IRQS: 524544, nr_irqs: 256, preallocated irqs: 16
[    0.004000] random: crng init done
[    0.004000] Console: colour VGA+ 80x25
[    0.004000] console [tty1] enabled
[    0.004000] console [ttyS0] enabled
[    0.004000] ACPI: Core revision 20170831
[    0.004000] ACPI: 2 ACPI AML tables successfully acquired and loaded
[    0.004000] APIC: Switch to symmetric I/O mode setup
[    0.004000] x2apic enabled
[    0.004000] Switched APIC routing to physical x2apic.
[    0.004000] ..TIMER: vector=0x30 apic1=0 pin1=2 apic2=-1 pin2=-1
[    0.004008] tsc: Detected 1992.001 MHz processor
[    0.004991] Calibrating delay loop (skipped) preset value.. 3984.00 BogoMIPS (lpj=7968004)
[    0.005564] pid_max: default: 32768 minimum: 301
[    0.008022] Security Framework initialized
[    0.008972] Yama: becoming mindful.
[    0.009595] AppArmor: AppArmor initialized
[    0.010463] Dentry cache hash table entries: 65536 (order: 7, 524288 bytes)
[    0.012030] Inode-cache hash table entries: 32768 (order: 6, 262144 bytes)
[    0.013490] Mount-cache hash table entries: 1024 (order: 1, 8192 bytes)
[    0.014776] Mountpoint-cache hash table entries: 1024 (order: 1, 8192 bytes)
[    0.016214] process: using mwait in idle threads
[    0.016906] Last level iTLB entries: 4KB 64, 2MB 8, 4MB 8
[    0.017798] Last level dTLB entries: 4KB 64, 2MB 0, 4MB 0, 1GB 4
[    0.018729] Spectre V1 : Mitigation: usercopy/swapgs barriers and __user pointer sanitization
[    0.020003] Spectre V2 : Mitigation: Retpolines
[    0.020970] Spectre V2 : Spectre v2 / SpectreRSB mitigation: Filling RSB on context switch
[    0.022238] Spectre V2 : Spectre v2 / SpectreRSB : Filling RSB on VMEXIT
[    0.023331] RETBleed: WARNING: Spectre v2 mitigation leaves CPU vulnerable to RETBleed attacks, data leaks possible!
[    0.024003] RETBleed: Vulnerable
[    0.024918] Speculative Store Bypass: Vulnerable
[    0.025615] MMIO Stale Data: Mitigation: Clear CPU buffers
[    0.028005] SRBDS: Unknown: Dependent on hypervisor status
[    0.055634] Freeing SMP alternatives memory: 36K
[    0.169982] smpboot: CPU0: Intel(R) Core(TM) i7-8565U CPU @ 1.80GHz (family: 0x6, model: 0x8e, stepping: 0xc)
[    0.172181] Performance Events: unsupported p6 CPU model 142 no PMU driver, software events only.
[    0.176079] Hierarchical SRCU implementation.
[    0.181103] NMI watchdog: Perf event create on CPU 0 failed with -2
[    0.184004] NMI watchdog: Perf NMI watchdog permanently disabled
[    0.186156] smp: Bringing up secondary CPUs ...
[    0.188004] smp: Brought up 1 node, 1 CPU
[    0.189247] smpboot: Max logical packages: 1
[    0.190468] smpboot: Total of 1 processors activated (3984.00 BogoMIPS)
[    0.192184] devtmpfs: initialized
[    0.193507] x86/mm: Memory block size: 128MB
[    0.195024] evm: security.selinux
[    0.196004] evm: security.SMACK64
[    0.196811] evm: security.SMACK64EXEC
[    0.198902] evm: security.SMACK64TRANSMUTE
[    0.200010] evm: security.SMACK64MMAP
[    0.202270] evm: security.apparmor
[    0.204008] evm: security.ima
[    0.205078] evm: security.capability
[    0.206371] clocksource: jiffies: mask: 0xffffffff max_cycles: 0xffffffff, max_idle_ns: 7645041785100000 ns
[    0.208017] futex hash table entries: 256 (order: 2, 16384 bytes)
[    0.208954] pinctrl core: initialized pinctrl subsystem
[    0.209900] RTC time:  3:27:04, date: 11/09/24
[    0.212114] NET: Registered protocol family 16
[    0.212943] audit: initializing netlink subsys (disabled)
[    0.213806] cpuidle: using governor ladder
[    0.214432] cpuidle: using governor menu
[    0.215544] ACPI: bus type PCI registered
[    0.216005] acpiphp: ACPI Hot Plug PCI Controller Driver version: 0.5
[    0.217158] PCI: Using configuration type 1 for base access
[    0.218108] audit: type=2000 audit(1731122831.162:1): state=initialized audit_enabled=0 res=1
[    0.220778] HugeTLB registered 2.00 MiB page size, pre-allocated 0 pages
[    0.222140] ACPI: Added _OSI(Module Device)
[    0.224012] ACPI: Added _OSI(Processor Device)
[    0.224670] ACPI: Added _OSI(3.0 _SCP Extensions)
[    0.225350] ACPI: Added _OSI(Processor Aggregator Device)
[    0.226108] ACPI: Added _OSI(Linux-Dell-Video)
[    0.226745] ACPI: Added _OSI(Linux-Lenovo-NV-HDMI-Audio)
[    0.227506] ACPI: Added _OSI(Linux-HPI-Hybrid-Graphics)
[    0.228255] ACPI: Executed 1 blocks of module-level executable AML code
[    0.232415] ACPI: Interpreter enabled
[    0.233237] ACPI: (supports S0 S5)
[    0.234149] ACPI: Using IOAPIC for interrupt routing
[    0.235178] PCI: Using host bridge windows from ACPI; if necessary, use "pci=nocrs" and report a bug
[    0.236141] ACPI: Enabled 2 GPEs in block 00 to 07
[    0.242627] ACPI: PCI Root Bridge [PCI0] (domain 0000 [bus 00-ff])
[    0.243531] acpi PNP0A03:00: _OSC: OS supports [ASPM ClockPM Segments MSI]
[    0.244354] acpi PNP0A03:00: _OSC: not requesting OS control; OS requires [ExtendedConfig ASPM ClockPM MSI]
[    0.246999] acpi PNP0A03:00: fail to add MMCONFIG information, can't access extended PCI configuration space under this bridge.
[    0.248542] PCI host bridge to bus 0000:00
[    0.249390] pci_bus 0000:00: root bus resource [io  0x0000-0x0cf7 window]
[    0.252004] pci_bus 0000:00: root bus resource [io  0x0d00-0xffff window]
[    0.253579] pci_bus 0000:00: root bus resource [mem 0x000a0000-0x000bffff window]
[    0.255053] pci_bus 0000:00: root bus resource [mem 0x20000000-0xfdffffff window]
[    0.256002] pci_bus 0000:00: root bus resource [bus 00-ff]
[    0.260567] pci 0000:00:01.1: legacy IDE quirk: reg 0x10: [io  0x01f0-0x01f7]
[    0.261904] pci 0000:00:01.1: legacy IDE quirk: reg 0x14: [io  0x03f6]
[    0.263302] pci 0000:00:01.1: legacy IDE quirk: reg 0x18: [io  0x0170-0x0177]
[    0.264002] pci 0000:00:01.1: legacy IDE quirk: reg 0x1c: [io  0x0376]
[    0.283025] pci 0000:00:07.0: quirk: [io  0x4000-0x403f] claimed by PIIX4 ACPI
[    0.284040] pci 0000:00:07.0: quirk: [io  0x4100-0x410f] claimed by PIIX4 SMB
[    0.302776] ACPI: PCI Interrupt Link [LNKA] (IRQs 5 9 10 *11)
[    0.304634] ACPI: PCI Interrupt Link [LNKB] (IRQs 5 9 *10 11)
[    0.308252] ACPI: PCI Interrupt Link [LNKC] (IRQs 5 *9 10 11)
[    0.312246] ACPI: PCI Interrupt Link [LNKD] (IRQs 5 9 10 *11)
[    0.316767] SCSI subsystem initialized
[    0.318886] pci 0000:00:02.0: vgaarb: setting as boot VGA device
[    0.320000] pci 0000:00:02.0: vgaarb: VGA device added: decodes=io+mem,owns=io+mem,locks=none
[    0.320009] pci 0000:00:02.0: vgaarb: bridge control possible
[    0.324005] vgaarb: loaded
[    0.325574] ACPI: bus type USB registered
[    0.327536] usbcore: registered new interface driver usbfs
[    0.328020] usbcore: registered new interface driver hub
[    0.330099] usbcore: registered new device driver usb
[    0.332096] EDAC MC: Ver: 3.0.0
[    0.336668] PCI: Using ACPI for IRQ routing
[    0.338868] NetLabel: Initializing
[    0.340004] NetLabel:  domain hash size = 128
[    0.341810] NetLabel:  protocols = UNLABELED CIPSOv4 CALIPSO
[    0.344033] NetLabel:  unlabeled traffic allowed by default
[    0.346443] clocksource: Switched to clocksource kvm-clock
[    0.407508] VFS: Disk quotas dquot_6.6.0
[    0.408180] VFS: Dquot-cache hash table entries: 512 (order 0, 4096 bytes)
[    0.409354] AppArmor: AppArmor Filesystem Enabled
[    0.410082] pnp: PnP ACPI init
[    0.412138] pnp: PnP ACPI: found 3 devices
[    0.418047] clocksource: acpi_pm: mask: 0xffffff max_cycles: 0xffffff, max_idle_ns: 2085701024 ns
[    0.422255] NET: Registered protocol family 2
[    0.424495] IP idents hash table entries: 8192 (order: 4, 65536 bytes)
[    0.428042] TCP established hash table entries: 4096 (order: 3, 32768 bytes)
[    0.431320] TCP bind hash table entries: 4096 (order: 4, 65536 bytes)
[    0.434469] TCP: Hash tables configured (established 4096 bind 4096)
[    0.437571] UDP hash table entries: 256 (order: 1, 8192 bytes)
[    0.440349] UDP-Lite hash table entries: 256 (order: 1, 8192 bytes)
[    0.443702] NET: Registered protocol family 1
[    0.445694] pci 0000:00:00.0: Limiting direct PCI/PCI transfers
[    0.448586] pci 0000:00:01.0: Activating ISA DMA hang workarounds
[    0.451688] pci 0000:00:02.0: Video device with shadowed ROM at [mem 0x000c0000-0x000dffff]
[    0.455921] Unpacking initramfs...
[    1.454183] Freeing initrd memory: 19528K
[    1.456496] clocksource: tsc: mask: 0xffffffffffffffff max_cycles: 0x396d54029a7, max_idle_ns: 881590429682 ns
[    1.461379] platform rtc_cmos: registered platform RTC device (no PNP device found)
[    1.465244] Scanning for low memory corruption every 60 seconds
[    1.468890] Initialise system trusted keyrings
[    1.471230] Key type blacklist registered
[    1.473392] workingset: timestamp_bits=36 max_order=17 bucket_order=0
[    1.478379] zbud: loaded
[    1.480694] squashfs: version 4.0 (2009/01/31) Phillip Lougher
[    1.483881] fuse init (API version 7.26)
[    1.487348] Key type asymmetric registered
[    1.489617] Asymmetric key parser 'x509' registered
[    1.492157] Block layer SCSI generic (bsg) driver version 0.4 loaded (major 246)
[    1.495289] io scheduler noop registered
[    1.497009] io scheduler deadline registered
[    1.498786] io scheduler cfq registered (default)
[    1.500965] ACPI: AC Adapter [AC] (off-line)
[    1.502649] input: Power Button as /devices/LNXSYSTM:00/LNXPWRBN:00/input/input0
[    1.504987] ACPI: Power Button [PWRF]
[    1.506228] input: Sleep Button as /devices/LNXSYSTM:00/LNXSLPBN:00/input/input1
[    1.508242] ACPI: Sleep Button [SLPF]
[    1.510753] ACPI: Battery Slot [BAT0] (battery present)
[    1.512329] Serial: 8250/16550 driver, 32 ports, IRQ sharing enabled
[    1.544646] 00:02: ttyS0 at I/O 0x3f8 (irq = 4, base_baud = 115200) is a 16550A
[    1.550760] Linux agpgart interface v0.103
[    1.554455] loop: module loaded
[    1.557064] scsi host0: ata_piix
[    1.558747] scsi host1: ata_piix
[    1.560485] ata1: PATA max UDMA/33 cmd 0x1f0 ctl 0x3f6 bmdma 0xd000 irq 14
[    1.563693] ata2: PATA max UDMA/33 cmd 0x170 ctl 0x376 bmdma 0xd008 irq 15
[    1.567921] tun: Universal TUN/TAP device driver, 1.6
[    1.570427] PPP generic driver version 2.4.2
[    1.572529] ehci_hcd: USB 2.0 'Enhanced' Host Controller (EHCI) Driver
[    1.575477] ehci-pci: EHCI PCI platform driver
[    1.577741] ehci-platform: EHCI generic platform driver
[    1.580043] ohci_hcd: USB 1.1 'Open' Host Controller (OHCI) Driver
[    1.583110] ohci-pci: OHCI PCI platform driver
[    1.585258] ohci-platform: OHCI generic platform driver
[    1.587649] uhci_hcd: USB Universal Host Controller Interface driver
[    1.590717] i8042: PNP: PS/2 Controller [PNP0303:PS2K,PNP0f03:PS2M] at 0x60,0x64 irq 1,12
[    1.595891] serio: i8042 KBD port at 0x60,0x64 irq 1
[    1.598422] serio: i8042 AUX port at 0x60,0x64 irq 12
[    1.600956] mousedev: PS/2 mouse device common for all mice
[    1.604059] input: AT Translated Set 2 keyboard as /devices/platform/i8042/serio0/input/input2
[    1.608857] rtc_cmos rtc_cmos: rtc core: registered rtc_cmos as rtc0
[    1.611993] rtc_cmos rtc_cmos: alarms up to one day, 114 bytes nvram
[    1.615186] i2c /dev entries driver
[    1.617096] device-mapper: uevent: version 1.0.3
[    1.619340] device-mapper: ioctl: 4.37.0-ioctl (2017-09-20) initialised: dm-devel@redhat.com
[    1.623467] ledtrig-cpu: registered to indicate activity on CPUs
[    1.626659] intel_pmc_core:  initialized
[    1.628885] NET: Registered protocol family 10
[    1.635847] Segment Routing with IPv6
[    1.637605] NET: Registered protocol family 17
[    1.639824] Key type dns_resolver registered
[    1.642407] mce: Using 0 MCE banks
[    1.644323] RAS: Correctable Errors collector initialized.
[    1.646985] sched_clock: Marking stable (1646920567, 0)->(1874910412, -227989845)
[    1.650536] registered taskstats version 1
[    1.652529] Loading compiled-in X.509 certificates
[    1.658290] Loaded X.509 cert 'Build time autogenerated kernel key: b5b26778eaa3ab3a4a6cee031137706e947d12ad'
[    1.664261] Loaded X.509 cert 'Canonical Ltd. Live Patch Signing: 14df34d1a87cf37625abec039ef2bf521249b969'
[    1.670038] Loaded X.509 cert 'Canonical Ltd. Kernel Module Signing: 88f752e560a1e0737e31163a466ad7b70a850c19'
[    1.674508] blacklist: Loading compiled-in revocation X.509 certificates
[    1.677822] Loaded X.509 cert 'Canonical Ltd. Secure Boot Signing: 61482aa2830d0ab2ad5af10b7250da9033ddcef0'
[    1.682531] Loaded X.509 cert 'Canonical Ltd. Secure Boot Signing (2017): 242ade75ac4a15e50d50c84b0d45ff3eae707a03'
[    1.687233] Loaded X.509 cert 'Canonical Ltd. Secure Boot Signing (ESM 2018): 365188c1d374d6b07c3c8f240f8ef722433d6a8b'
[    1.692182] Loaded X.509 cert 'Canonical Ltd. Secure Boot Signing (2019): c0746fd6c5da3ae827864651ad66ae47fe24b3e8'
[    1.697046] Loaded X.509 cert 'Canonical Ltd. Secure Boot Signing (2021 v1): a8d54bbb3825cfb94fa13c9f8a594a195c107b8d'
[    1.701699] Loaded X.509 cert 'Canonical Ltd. Secure Boot Signing (2021 v2): 4cf046892d6fd3c9a5b03f98d845f90851dc6a8c'
[    1.706525] Loaded X.509 cert 'Canonical Ltd. Secure Boot Signing (2021 v3): 100437bb6de6e469b581e61cd66bce3ef4ed53af'
[    1.711917] Loaded X.509 cert 'Canonical Ltd. Secure Boot Signing (Ubuntu Core 2019): c1d57b8f6b743f23ee41f4f7ee292f06eecadfb9'
[    1.717372] zswap: loaded using pool lzo/zbud
[    1.751425] Key type big_key registered
[    1.753459] Key type trusted registered
[    1.757762] Key type encrypted registered
[    1.759921] AppArmor: AppArmor sha1 policy hashing enabled
[    1.763018] ima: No TPM chip found, activating TPM-bypass! (rc=-19)
[    1.766184] ima: Allocated hash algorithm: sha1
[    1.768226] evm: HMAC attrs: 0x1
[    1.770172]   Magic number: 0:947:461
[    1.772220] rtc_cmos rtc_cmos: setting system clock to 2024-11-09 03:27:06 UTC (1731122826)
[    1.776307] BIOS EDD facility v0.16 2004-Jun-25, 0 devices found
[    1.779277] EDD information not available.
[    1.786849] Freeing unused kernel image memory: 2480K
[    1.796813] Write protecting the kernel read-only data: 20480k
[    1.800351] Freeing unused kernel image memory: 2008K
[    1.803231] Freeing unused kernel image memory: 1820K
[    1.822686] x86/mm: Checked W+X mappings: passed, no W+X pages found.
Loading, please wait...
starting version 237
[    2.000632] e1000: Intel(R) PRO/1000 Network Driver - version 7.3.21-k8-NAPI
[    2.004195] e1000: Copyright (c) 1999-2006 Intel Corporation.
[    2.027378] Fusion MPT base driver 3.04.20
[    2.029412] Copyright (c) 1999-2008 LSI Corporation
[    2.085364] Fusion MPT SPI Host driver 3.04.20
[    2.098488] AVX2 version of gcm_enc/dec engaged.
[    2.100795] AES CTR mode by8 optimization enabled
[    2.231351] input: ImExPS/2 Generic Explorer Mouse as /devices/platform/i8042/serio1/input/input4
[    2.570114] e1000 0000:00:03.0 eth0: (PCI:33MHz:32-bit) 02:3b:7b:b7:3b:2d
[    2.573947] e1000 0000:00:03.0 eth0: Intel(R) PRO/1000 Network Connection
[    2.580364] mptbase: ioc0: Initiating bringup
[    2.677435] ioc0: LSI53C1030 A0: Capabilities={Initiator}
[    2.926521] scsi host2: ioc0: LSI53C1030 A0, FwRev=00000000h, Ports=1, MaxQ=256, IRQ=20
[    3.101237] scsi 2:0:0:0: Direct-Access     VBOX     HARDDISK         1.0  PQ: 0 ANSI: 5
[    3.113807] scsi target2:0:0: Beginning Domain Validation
[    3.124569] scsi target2:0:0: Domain Validation skipping write tests
[    3.130039] scsi target2:0:0: Ending Domain Validation
[    3.136471] scsi target2:0:0: asynchronous
[    3.143758] scsi 2:0:1:0: Direct-Access     VBOX     HARDDISK         1.0  PQ: 0 ANSI: 5
[    3.158634] scsi target2:0:1: Beginning Domain Validation
[    3.222224] scsi target2:0:1: Domain Validation skipping write tests
[    3.225563] scsi target2:0:1: Ending Domain Validation
[    3.233720] scsi target2:0:1: asynchronous
[    3.325440] sd 2:0:0:0: Attached scsi generic sg0 type 0
[    3.328185] sd 2:0:0:0: [sda] 83886080 512-byte logical blocks: (42.9 GB/40.0 GiB)
[    3.338160] sd 2:0:0:0: [sda] Write Protect is off
[    3.371420] sd 2:0:1:0: Attached scsi generic sg1 type 0
[    3.375408] sd 2:0:1:0: [sdb] 20480 512-byte logical blocks: (10.5 MB/10.0 MiB)
[    3.386532] sd 2:0:1:0: [sdb] Write Protect is off
[    3.401133] sd 2:0:1:0: [sdb] Incomplete mode parameter data
[    3.403401] sd 2:0:1:0: [sdb] Assuming drive cache: write through
[    3.433683] sd 2:0:0:0: [sda] Incomplete mode parameter data
[    3.434593] sd 2:0:0:0: [sda] Assuming drive cache: write through
[    3.445822] sd 2:0:1:0: [sdb] Attached SCSI disk
[    3.446637]  sda: sda1
[    3.447449] sd 2:0:0:0: [sda] Attached SCSI disk
[    3.691292] e1000 0000:00:08.0 eth1: (PCI:33MHz:32-bit) 08:00:27:56:d2:15
[    3.694864] e1000 0000:00:08.0 eth1: Intel(R) PRO/1000 Network Connection
[    3.700192] e1000 0000:00:08.0 enp0s8: renamed from eth1
[    3.711220] e1000 0000:00:03.0 enp0s3: renamed from eth0
Begin: Loading essential drivers ... [    5.224533] raid6: sse2x1   gen()  5626 MB/s
[    5.284086] raid6: sse2x1   xor()  2849 MB/s
[    5.336560] raid6: sse2x2   gen()  6859 MB/s
[    5.391773] raid6: sse2x2   xor()  4138 MB/s
[    5.455634] raid6: sse2x4   gen()  7245 MB/s
[    5.519685] raid6: sse2x4   xor()  4406 MB/s
[    5.583853] raid6: avx2x1   gen() 12752 MB/s
[    5.647601] raid6: avx2x1   xor()  6917 MB/s
[    5.707081] raid6: avx2x2   gen() 11790 MB/s
[    5.771562] raid6: avx2x2   xor()  8219 MB/s
[    5.836165] raid6: avx2x4   gen() 12670 MB/s
[    5.900124] raid6: avx2x4   xor()  8825 MB/s
[    5.902202] raid6: using algorithm avx2x1 gen() 12752 MB/s
[    5.904692] raid6: .... xor() 6917 MB/s, rmw enabled
[    5.907117] raid6: using avx2x2 recovery algorithm
[    5.912648] xor: automatically using best checksumming function   avx       
[    5.918958] async_tx: api initialized (async)
done.
Begin: Running /scripts/init-premount ... done.
Begin: Mounting root file system ... Begin: Running /scripts/local-top ... done.
Begin: Running /scripts/local-premount ... [    6.028831] Btrfs loaded, crc32c=crc32c-intel
Scanning for Btrfs filesystems
done.
Warning: fsck not present, so skipping root file system
[    6.199320] EXT4-fs (sda1): mounted filesystem with ordered data mode. Opts: (null)
done.
Begin: Running /scripts/local-bottom ... done.
Begin: Running /scripts/init-bottom ... done.
[    6.507826] ip_tables: (C) 2000-2006 Netfilter Core Team
[    6.523614] systemd[1]: systemd 237 running in system mode. (+PAM +AUDIT +SELINUX +IMA +APPARMOR +SMACK +SYSVINIT +UTMP +LIBCRYPTSETUP +GCRYPT +GNUTLS +ACL +XZ +LZ4 +SECCOMP +BLKID +ELFUTILS +KMOD -IDN2 +IDN -PCRE2 default-hierarchy=hybrid)
[    6.533939] systemd[1]: Detected virtualization oracle.
[    6.536649] systemd[1]: Detected architecture x86-64.

Welcome to [1mUbuntu 18.04.6 LTS[0m!

[    6.544351] systemd[1]: Set hostname to <ubuntu>.
[    6.550139] systemd[1]: Initializing machine ID from random generator.
[    6.553416] systemd[1]: Installed transient /etc/machine-id file.
[    6.911014] systemd[1]: Reached target User and Group Name Lookups.
[[0;32m  OK  [0m] Reached target User and Group Name Lookups.
[    6.915459] systemd[1]: Reached target System Time Synchronized.
[[0;32m  OK  [0m] Reached target System Time Synchronized.
[    6.919576] systemd[1]: Started Forward Password Requests to Wall Directory Watch.
[[0;32m  OK  [0m] Started Forward Password Requests to Wall Directory Watch.
[    6.925576] systemd[1]: Created slice User and Session Slice.
[[0;32m  OK  [0m] Created slice User and Session Slice.
[[0;32m  OK  [0m] Set up automount Arbitrary Executabâ€¦rmats File System Automount Point.
[[0;32m  OK  [0m] Reached target Mounting snaps.
[[0;32m  OK  [0m] Reached target Mounted snaps.
[[0;32m  OK  [0m] Created slice System Slice.
[[0;32m  OK  [0m] Listening on /dev/initctl Compatibility Named Pipe.
[[0;32m  OK  [0m] Listening on Device-mapper event daemon FIFOs.
[[0;32m  OK  [0m] Listening on Network Service Netlink Socket.
[[0;32m  OK  [0m] Listening on Journal Socket.
         Mounting Huge Pages File System...
         Starting Create list of required stâ€¦ce nodes for the current kernel...
[[0;32m  OK  [0m] Listening on udev Kernel Socket.
         Mounting POSIX Message Queue File System...
         Starting Uncomplicated firewall...
         Starting Set the console keyboard layout...
[[0;32m  OK  [0m] Listening on Journal Audit Socket.
[[0;32m  OK  [0m] Listening on LVM2 metadata daemon socket.
         Starting Load Kernel Modules...
[[0;32m  OK  [0m] Created slice system-serial\x2dgetty.slice.
         Mounting Kernel Debug File System...
[[0;32m  OK  [0m] Listening on Syslog Socket.
[[0;32m  OK  [0m] Listening on LVM2 poll daemon socket.
[[0;32m  OK  [0m] Listening on udev Control Socket.
         Starting udev Coldplug all Devices...
[[0;32m  OK  [0m] Listening on Journal Socket (/dev/log).
         Starting Journal Service...
[[0;32m  OK  [0m] Listening on fsck to fsckd communication Socket.
         Starting File System Check on Root Device...
[[0;32m  OK  [0m] Reached target Slices.
[    7.088755] Loading iSCSI transport class v2.0-870.
         Starting Monitoring of LVM2 mirrorsâ€¦ng dmeventd or progress polling...
[[0;32m  OK  [0m] Reached target Swap.
[[0;32m  OK  [0m] Mounted Huge Pages File System.
[[0;32m  OK  [0m] Started Create list of required staâ€¦vice nodes for the current kernel.
[[0;32m  OK  [0m] Mounted POSIX Message Queue File System.
[[0;32m  OK  [0m] Started Uncomplicated firewall.
[[0;32m  OK  [0m] Mounted Kernel Debug File System.
         Starting Create Static Device Nodes in /dev...
[[0;32m  OK  [0m] Started File System Check Daemon to report status.
[    7.203587] iscsi: registered transport (tcp)
[[0;32m  OK  [0m] Started Journal Service.
[[0;32m  OK  [0m] Started LVM2 metadata daemon.
[[0;32m  OK  [0m] Started Create Static Device Nodes in /dev.
[[0;32m  OK  [0m] Started udev Coldplug all Devices.
[[0;32m  OK  [0m] Started File System Check on Root Device.
         Starting Remount Root and Kernel File Systems...
[[0;32m  OK  [0m] Started Monitoring of LVM2 mirrors,â€¦sing dmeventd or progress polling.
[    7.401579] iscsi: registered transport (iser)
[[0;32m  OK  [0m] Started Load Kernel Modules.
[    7.407056] EXT4-fs (sda1): re-mounted. Opts: (null)
[[0;32m  OK  [0m] Started Remount Root and Kernel File Systems.
         Starting Flush Journal to Persistent Storage...
         Starting udev Kernel Device Manager...
         Starting Load/Save Random Seed...
         Mounting Kernel Configuration File System...
         Starting Apply Kernel Variables...
         Mounting FUSE Control File System...
[[0;32m  OK  [0m] Mounted Kernel Configuration File System.
[[0;32m  OK  [0m] Mounted FUSE Control File System.
[[0;32m  OK  [0m] Started Load/Save Random Seed.
[[0;32m  OK  [0m] Started udev Kernel Device Manager.
[[0;32m  OK  [0m] Started Apply Kernel Variables.
[[0;32m  OK  [0m] Started Flush Journal to Persistent Storage.
[[0;32m  OK  [0m] Found device /dev/ttyS0.
[[0;32m  OK  [0m] Listening on Load/Save RF Kill Switch Status /dev/rfkill Watch.
         Mounting Arbitrary Executable File Formats File System...
[[0;32m  OK  [0m] Mounted Arbitrary Executable File Formats File System.
[[0;32m  OK  [0m] Started Set the console keyboard layout.
[[0;32m  OK  [0m] Reached target Local File Systems (Pre).
[[0;32m  OK  [0m] Reached target Local File Systems.
         Starting AppArmor initialization...
         Starting Tell Plymouth To Write Out Runtime Data...
         Starting Create Volatile Files and Directories...
         Starting ebtables ruleset management...
         Starting Set console font and keymap...
         Starting Commit a transient machine-id on disk...
[[0;32m  OK  [0m] Started Dispatch Password Requests to Console Directory Watch.
[[0;32m  OK  [0m] Reached target Local Encrypted Volumes.
[[0;32m  OK  [0m] Started Tell Plymouth To Write Out Runtime Data.
[[0;32m  OK  [0m] Started Commit a transient machine-id on disk.
[[0;32m  OK  [0m] Started Create Volatile Files and Directories.
         Starting Update UTMP about System Boot/Shutdown...
[[0;32m  OK  [0m] Started Update UTMP about System Boot/Shutdown.
[[0;32m  OK  [0m] Started ebtables ruleset management.
[[0;32m  OK  [0m] Started AppArmor initialization.
         Starting Load AppArmor profiles managed internally by snapd...
         Starting Initial cloud-init job (pre-networking)...
[[0;32m  OK  [0m] Started Load AppArmor profiles managed internally by snapd.
[[0;32m  OK  [0m] Started Set console font and keymap.
[   15.570671] cloud-init[772]: Cloud-init v. 23.1.2-0ubuntu0~18.04.1 running 'init-local' at Sat, 09 Nov 2024 03:27:19 +0000. Up 15.02 seconds.
[[0;32m  OK  [0m] Started Initial cloud-init job (pre-networking).
[[0;32m  OK  [0m] Reached target Network (Pre).
         Starting Network Service...
[[0;32m  OK  [0m] Started Network Service.
         Starting Wait for Network to be Configured...
         Starting Network Name Resolution...
[[0;32m  OK  [0m] Started Network Name Resolution.
[[0;32m  OK  [0m] Reached target Host and Network Name Lookups.
[[0;32m  OK  [0m] Reached target Network.
[[0;32m  OK  [0m] Started Wait for Network to be Configured.
         Starting Initial cloud-init job (metadata service crawler)...
[   18.300981] cloud-init[888]: Cloud-init v. 23.1.2-0ubuntu0~18.04.1 running 'init' at Sat, 09 Nov 2024 03:27:22 +0000. Up 17.94 seconds.
[   18.303152] cloud-init[888]: ci-info: ++++++++++++++++++++++++++++++++++++++Net device info+++++++++++++++++++++++++++++++++++++++
[   18.304533] cloud-init[888]: ci-info: +--------+-------+----------------------------+---------------+--------+-------------------+
[   18.308188] cloud-init[888]: ci-info: | Device |   Up  |          Address           |      Mask     | Scope  |     Hw-Address    |
[   18.309999] cloud-init[888]: ci-info: +--------+-------+----------------------------+---------------+--------+-------------------+
[   18.311273] cloud-init[888]: ci-info: | enp0s3 |  True |         10.0.2.15          | 255.255.255.0 | global | 02:3b:7b:b7:3b:2d |
[   18.315036] cloud-init[888]: ci-info: | enp0s3 |  True | fe80::3b:7bff:feb7:3b2d/64 |       .       |  link  | 02:3b:7b:b7:3b:2d |
[   18.332139] cloud-init[888]: ci-info: | enp0s8 | False |             .              |       .       |   .    | 08:00:27:56:d2:15 |
[   18.344240] cloud-init[888]: ci-info: |   lo   |  True |         127.0.0.1          |   255.0.0.0   |  host  |         .         |
[   18.344909] cloud-init[888]: ci-info: |   lo   |  True |          ::1/128           |       .       |  host  |         .         |
[   18.346192] cloud-init[888]: ci-info: +--------+-------+----------------------------+---------------+--------+-------------------+
[   18.348053] cloud-init[888]: ci-info: ++++++++++++++++++++++++++++Route IPv4 info+++++++++++++++++++++++++++++
[   18.351991] cloud-init[888]: ci-info: +-------+-------------+----------+-----------------+-----------+-------+
[   18.353045] cloud-init[888]: ci-info: | Route | Destination | Gateway  |     Genmask     | Interface | Flags |
[   18.356263] cloud-init[888]: ci-info: +-------+-------------+----------+-----------------+-----------+-------+
[   18.357551] cloud-init[888]: ci-info: |   0   |   0.0.0.0   | 10.0.2.2 |     0.0.0.0     |   enp0s3  |   UG  |
[   18.363075] cloud-init[888]: ci-info: |   1   |   10.0.2.0  | 0.0.0.0  |  255.255.255.0  |   enp0s3  |   U   |
[   18.364517] cloud-init[888]: ci-info: |   2   |   10.0.2.2  | 0.0.0.0  | 255.255.255.255 |   enp0s3  |   UH  |
[   18.368199] cloud-init[888]: ci-info: +-------+-------------+----------+-----------------+-----------+-------+
[   18.369288] cloud-init[888]: ci-info: +++++++++++++++++++Route IPv6 info+++++++++++++++++++
[   18.370439] cloud-init[888]: ci-info: +-------+-------------+---------+-----------+-------+
[   18.382238] cloud-init[888]: ci-info: | Route | Destination | Gateway | Interface | Flags |
[   18.382976] cloud-init[888]: ci-info: +-------+-------------+---------+-----------+-------+
[   18.383673] cloud-init[888]: ci-info: |   1   |  fe80::/64  |    ::   |   enp0s3  |   U   |
[   18.384141] cloud-init[888]: ci-info: |   3   |    local    |    ::   |   enp0s3  |   U   |
[   18.396193] cloud-init[888]: ci-info: |   4   |   ff00::/8  |    ::   |   enp0s3  |   U   |
[   18.408168] cloud-init[888]: ci-info: +-------+-------------+---------+-----------+-------+
[   18.851050] cloud-init[888]: Generating public/private rsa key pair.
[   18.853010] cloud-init[888]: Your identification has been saved in /etc/ssh/ssh_host_rsa_key.
[   18.875103] cloud-init[888]: Your public key has been saved in /etc/ssh/ssh_host_rsa_key.pub.
[   18.877158] cloud-init[888]: The key fingerprint is:
[   18.880224] cloud-init[888]: SHA256:56AHBOk5ZKVaFsPEIBiHGY4PZGI65Ze1FHbwmwYtFcI root@ubuntu-bionic
[   18.907543] cloud-init[888]: The key's randomart image is:
[   18.908549] cloud-init[888]: +---[RSA 2048]----+
[   18.909414] cloud-init[888]: |*O+==+Oo+.       |
[   18.910306] cloud-init[888]: |%=  *XEB         |
[   18.912157] cloud-init[888]: |=..+*.= o        |
[   18.916510] cloud-init[888]: | + =+. o o       |
[   18.917442] cloud-init[888]: |  o  .. S .      |
[   18.918295] cloud-init[888]: |       + +       |
[   18.919089] cloud-init[888]: |      . . .      |
[   18.924290] cloud-init[888]: |       .         |
[   18.936259] cloud-init[888]: |                 |
[[0;32m  OK  [0m] Started Initial cloud-init job (metadata service crawler).
[[0;32m  OK  [0m] Reached target Network is Online.
[   18.951349] cloud-init[888]: +----[SHA256]-----+
[   18.965850] cloud-init[888]: Generating public/private dsa key pair.
[   18.976942] cloud-init[888]: Your identification has been saved in /etc/ssh/ssh_host_dsa_key.
[   18.978187] cloud-init[888]: Your public key has been saved in /etc/ssh/ssh_host_dsa_key.pub.
[   18.979562] cloud-init[888]: The key fingerprint is:
[   18.980619] cloud-init[888]: SHA256:TbNMVZs/LcsHy1UVFgyHp00JSKkSMzfwvhj9JmSXOGk root@ubuntu-bionic
[   18.981902] cloud-init[888]: The key's randomart image is:
[   18.982615] cloud-init[888]: +---[DSA 1024]----+
[   18.983291] cloud-init[888]: |       .. ..++*==|
[   18.983904] cloud-init[888]: |       +.o + .oB.|
[   18.997038] cloud-init[888]: |        =.*   B .|
[   18.997485] cloud-init[888]: |       .o*oo.. oo|
[[0;32m  OK  [0m] Reached target Remote File Systems (Pre).[   19.012252] cloud-init[888]: |       .SE+o  o.+|
[   19.012713] cloud-init[888]: |        * =  o *.|
[   19.013412] cloud-init[888]: |       . o o  = .|
[   19.014072] cloud-init[888]: |          o    . |
[   19.014588] cloud-init[888]: |                 |
[   19.015104] cloud-init[888]: +----[SHA256]-----+
[   19.015475] cloud-init[888]: Generating public/private ecdsa key pair.
[[0;32m  OK  [0m] Reached target Remote File Systems.
         Starting Availability of block devices...
[[0;32m  OK  [0m] Reached target System Initialization.
         Starting LXD - unix socket.
[[0;32m  OK  [0m] Listening on D-Bus System Message Bus Socket.
[[0;32m  OK  [0m] Started Discard unused blocks once a week.
[[0;32m  OK  [0m] Listening on cloud-init hotplug hook socket.
[[0;32m  OK  [0m] Started ACPI Events Check.
[[0;32m  OK  [0m] Started Daily apt download activities.
         Starting Socket activation for snappy daemon.

[[0;32m  OK  [0m] Started Message of the Day.
[   19.048886] cloud-init[888]: Your identification has been saved in /etc/ssh/ssh_host_ecdsa_key.
[   19.051188] cloud-init[888]: Your public key has been saved in /etc/ssh/ssh_host_ecdsa_key.pub.[[0;32m  OK  [0m] Listening on Open-iSCSI iscsid Socket.
[[0;32m  OK  [0m] Started Daily apt upgrade and clean activities.
[[0;32m  OK  [0m] Started Daily Cleanup of Temporary Directories.
[[0;32m  OK  [0m] Reached target Paths.

[[   19.077254] cloud-init[888]: The key fingerprint is:
[   19.077847] cloud-init[888]: SHA256:QjAutNvI+9VjlBlEAy/RD4jD16IizC7pBM2AF2jcRhA root@ubuntu-bionic
[   19.078731] cloud-init[888]: The key's randomart image is:
[   19.079434] cloud-init[888]: +---[ECDSA 256]---+
[0;32m  OK  [0m] Listening on UUID daemon activation socket.
[[0;32m  OK  [0m] Started Ubuntu Advantage Timer for running repeated jobs.
[[0;32m  OK  [0m] Reached target Timers.
[[0;32m  OK  [0m] Listening on ACPID Listen Socket.
[[0;32m  OK  [0m] Reached target Cloud-config availability.
[   19.084226] cloud-init[888]: |oEB+o.o*+        |
[   19.085392] cloud-init[888]: |++.=+o+++.       |
[[0;32m  OK  [0m] Started Availability of block devices.
[[0;32m  OK  [0m] Listening on LXD - unix socket.
[[0;32m  OK  [0m] Listening on Socket activation for snappy daemon.
[[0;32m  OK  [0m] Reached target Sockets.
[[0;32m  OK  [0m] Reached target Basic System.
[[0;32m  OK  [0m[   19.087454] cloud-init[888]: |+=+ .+o.oo       |
[   19.104967] cloud-init[888]: |o++=.. . +.      |
[   19.105736] cloud-init[888]: |oo+.. . S        |
[   19.106477] cloud-init[888]: |oo .   +         |
[   19.107078] cloud-init[888]: |+ .   . +        |
[   19.107706] cloud-init[888]: ] Started Deferred execution scheduler.
[[0;32m  OK  [0m] Reached target Login Prompts (Pre).
         Starting System Logging Service...
         Starting Pollinate to seed the pseudo random number generator...
[[0;32m  OK  [0m] Started D-Bus System Message Bus.
| . . . . .       |
[   19.131770] cloud-init[888]: |    .            |
[   19.132648] cloud-init[888]: +----[SHA256]-----+
[   19.133028] cloud-init[888]: Generating public/private ed25519 key pair.
[   19.144242] cloud-init[888]: Your identification has been saved in /etc/ssh/ssh_host_ed25519_key.
[   19.145393] cloud-init[888]: Your public key has been saved in /etc/ssh/ssh_host_ed25519_key.pub.
[   19.147774] cloud-init[888]: The key fingerprint is:
[   19.148497] cloud-init[888]: SHA256:JkUQkAxxG5Zkei8OlOw5vlGEuQf5JXLwlivCIPHWYEw root@ubuntu-bionic
[   19.153791] cloud-init[888]: The key's randomart image is:
[   19.155901] cloud-init[888]: +--[ED25519 256]--+
[   19.156700] cloud-init[888]: |.oE=B+oo.        |
[   19.158676] cloud-init[888]: | =.#++ .         |
[   19.159991] cloud-init[888]: |o & @ . .        |
[   19.161289] cloud-init[888]: |++ @ = .         |
[   19.162897] cloud-init[888]: |..B * o S        |
[   19.164293] cloud-init[888]: | o B . o         |
[   19.164748] cloud-init[888]: |  o .            |
[   19.165111] cloud-init[888]: |   o             |
[   19.168068] cloud-init[888]: |  .              |
[   19.170206] cloud-init[888]: +----[SHA256]-----+
         Starting LXD - container startup/shutdown...
         Starting Dispatcher daemon for systemd-networkd...
         Starting Permit User Sessions...
         Starting Virtualbox guest utils...
[[0;32m  OK  [0m] Started FUSE filesystem for LXC.
         Starting Login Service...
         Starting Accounts Service...
         Starting Snap Daemon...
         Starting LSB: automatic crash report generation...
         Starting LSB: Record successful boot for GRUB...
[[0;32m  OK  [0m] Started Regular background program processing daemon.
[[0;32m  OK  [0m] Started irqbalance daemon.
[[0;32m  OK  [0m] Started System Logging Service.
[[0;32m  OK  [0m] Started LXD - container startup/shutdown.
[[0;32m  OK  [0m] Started Permit User Sessions.
[[0;32m  OK  [0m] Started Login Service.
         Starting Authorization Manager...
[[0;32m  OK  [0m] Started Unattended Upgrades Shutdown.
         Starting Hold until boot process finishes up...
         Starting Terminate Plymouth Boot Screen...
[[0;32m  OK  [0m] Started Hold until boot process finishes up.
[[0;32m  OK  [0m] Started Terminate Plymouth Boot Screen.
         Starting Set console scheme...
[[0;32m  OK  [0m] Started Serial Getty on ttyS0.
[[0;32m  OK  [0m] Started LSB: automatic crash report generation.
[[0;32m  OK  [0m] Started Set console scheme.
[[0;32m  OK  [0m] Created slice system-getty.slice.
[[0;32m  OK  [0m] Started Getty on tty1.
[[0;32m  OK  [0m] Reached target Login Prompts.
[[0;32m  OK  [0m] Started LSB: Record successful boot for GRUB.
[[0;32m  OK  [0m] Started Authorization Manager.
[[0;32m  OK  [0m] Started Accounts Service.
[[0;32m  OK  [0m] Started Virtualbox guest utils.
[[0;32m  OK  [0m] Started Dispatcher daemon for systemd-networkd.
[[0;32m  OK  [0m] Started Snap Daemon.
         Starting Wait until snapd is fully seeded...
[[0;32m  OK  [0m] Started Pollinate to seed the pseudo random number generator.
         Starting OpenBSD Secure Shell server...
[[0;32m  OK  [0m] Started OpenBSD Secure Shell server.
         Starting Time & Date Service...
[[0;32m  OK  [0m] Started Time & Date Service.
[[0;32m  OK  [0m] Created slice User Slice of vagrant.
         Starting User Manager for UID 1000...
[[0;32m  OK  [0m] Started Session 1 of user vagrant.
[[0;32m  OK  [0m] Started User Manager for UID 1000.

Ubuntu 18.04.6 LTS ubuntu-bionic ttyS0

ubuntu-bionic login: [   27.842656] cloud-init[1528]: Cloud-init v. 23.1.2-0ubuntu0~18.04.1 running 'modules:config' at Sat, 09 Nov 2024 03:27:31 +0000. Up 26.88 seconds.
ci-info: no authorized SSH keys fingerprints found for user ubuntu.
<14>Nov  9 03:27:34 cloud-init: #############################################################
<14>Nov  9 03:27:34 cloud-init: -----BEGIN SSH HOST KEY FINGERPRINTS-----
<14>Nov  9 03:27:34 cloud-init: 1024 SHA256:TbNMVZs/LcsHy1UVFgyHp00JSKkSMzfwvhj9JmSXOGk root@ubuntu-bionic (DSA)
<14>Nov  9 03:27:34 cloud-init: 256 SHA256:QjAutNvI+9VjlBlEAy/RD4jD16IizC7pBM2AF2jcRhA root@ubuntu-bionic (ECDSA)
<14>Nov  9 03:27:34 cloud-init: 256 SHA256:JkUQkAxxG5Zkei8OlOw5vlGEuQf5JXLwlivCIPHWYEw root@ubuntu-bionic (ED25519)
<14>Nov  9 03:27:34 cloud-init: 2048 SHA256:56AHBOk5ZKVaFsPEIBiHGY4PZGI65Ze1FHbwmwYtFcI root@ubuntu-bionic (RSA)
<14>Nov  9 03:27:34 cloud-init: -----END SSH HOST KEY FINGERPRINTS-----
<14>Nov  9 03:27:34 cloud-init: #############################################################
-----BEGIN SSH HOST KEY KEYS-----
ecdsa-sha2-nistp256 AAAAE2VjZHNhLXNoYTItbmlzdHAyNTYAAAAIbmlzdHAyNTYAAABBBPCB+vIhwPQfYR5c4zvy+XSTOmCx53cJjBb6W5jxKpOXni7yNJurTuYxA/ac0SbhDyA5WbPuNF4+TB3duGwLL1Y= root@ubuntu-bionic
ssh-ed25519 AAAAC3NzaC1lZDI1NTE5AAAAIERSl4iab+efDT1MskyA732UNPihwsntQSMOff4UHPsw root@ubuntu-bionic
ssh-rsa AAAAB3NzaC1yc2EAAAADAQABAAABAQDgk7KzqDaF13dHMVkgcKpUn7uhXVkP2USJi8XSdGAzseCuq9INJ6ttPDgCoaToKoVqZDTUb4IP4oXAJ59dgQA9XOLnTs8gSdjYpV/boIaZh6lLE6Cf0CKvNtll7Qezpmsun4uYbosQDkV6ET9OB9em57t/KhuKC/9KViseIsH5Ztqfsucs+MWcwCiTzsnwysarW/UsOFFNUoqF5m4u/3DYftAUD1Y+5rE6CXK21DnRAr9HV8wyhNyIDVoqIOlfK70M/YNVKwy7ZPWYZIL13d4akMY8mK58tgVVbwQxcmsgJTrrS94E4CLbBhy+kz28FlexC+9z9irDibkFXIcWitFZ root@ubuntu-bionic
-----END SSH HOST KEY KEYS-----
[   29.431193] cloud-init[1679]: Cloud-init v. 23.1.2-0ubuntu0~18.04.1 running 'modules:final' at Sat, 09 Nov 2024 03:27:33 +0000. Up 29.15 seconds.
[   29.432269] cloud-init[1679]: Cloud-init v. 23.1.2-0ubuntu0~18.04.1 finished at Sat, 09 Nov 2024 03:27:34 +0000. Datasource DataSourceNoCloud [seed=/dev/sdb][dsmode=net].  Up 29.42 seconds
